event=001 INFO REQUEST Request completed request=R001
event=002 INFO REQUEST Request completed request=R002
event=003 INFO REQUEST Request completed request=R003
event=004 ERROR AUTH Login rejected user=U004
event=005 INFO REQUEST Request completed request=R005
event=006 WARN STORAGE Storage threshold reached
event=007 INFO REQUEST Request completed request=R007
event=008 INFO REQUEST Request completed request=R008
event=009 ERROR PAYMENT Payment failed order=O009
event=010 INFO REQUEST Request completed request=R010
event=011 INFO REQUEST Request completed request=R011
event=012 WARN AUTH Password reset requested
event=013 INFO REQUEST Request completed request=R013
event=014 ERROR DATABASE Connection failed request=R014
event=015 INFO REQUEST Request completed request=R015
event=016 INFO REQUEST Request completed request=R016
event=017 INFO REQUEST Request completed request=R017
event=018 WARN CONFIG Optional setting missing
event=019 ERROR UPLOAD Upload rejected file=invoice.pdf
event=020 INFO REQUEST Request completed request=R020
event=021 INFO REQUEST Request completed request=R021
event=022 INFO REQUEST Request completed request=R022
event=023 INFO REQUEST Request completed request=R023
event=024 ERROR AUTH Login rejected user=U008
event=025 INFO REQUEST Request completed request=R025
event=026 INFO REQUEST Request completed request=R026
event=027 WARN UPLOAD Unsupported file extension
event=028 INFO REQUEST Request completed request=R028
event=029 ERROR PAYMENT Payment failed order=O029
event=030 INFO REQUEST Request completed request=R030
